package foo

import (
	"fmt"
)

func bar() string {
	test := "baz"
	return fmt.Sprint("YOLO: ", test)
}
